{
  "version": "1.5.0",
  "plugins_used": [
    {
      "name": "ArtifactoryDetector"
    },
    {
      "name": "AWSKeyDetector"
    },
    {
      "name": "AzureStorageKeyDetector"
    },
    {
      "name": "Base64HighEntropyString",
      "limit": 4.5
    },
    {
      "name": "BasicAuthDetector"
    },
    {
      "name": "CloudantDetector"
    },
    {
      "name": "DiscordBotTokenDetector"
    },
    {
      "name": "GitHubTokenDetector"
    },
    {
      "name": "GitLabTokenDetector"
    },
    {
      "name": "HexHighEntropyString",
      "limit": 3.0
    },
    {
      "name": "IbmCloudIamDetector"
    },
    {
      "name": "IbmCosHmacDetector"
    },
    {
      "name": "IPPublicDetector"
    },
    {
      "name": "JwtTokenDetector"
    },
    {
      "name": "KeywordDetector",
      "keyword_exclude": ""
    },
    {
      "name": "MailchimpDetector"
    },
    {
      "name": "NpmDetector"
    },
    {
      "name": "OpenAIDetector"
    },
    {
      "name": "PrivateKeyDetector"
    },
    {
      "name": "PypiTokenDetector"
    },
    {
      "name": "SendGridDetector"
    },
    {
      "name": "SlackDetector"
    },
    {
      "name": "SoftlayerDetector"
    },
    {
      "name": "SquareOAuthDetector"
    },
    {
      "name": "StripeDetector"
    },
    {
      "name": "TelegramBotTokenDetector"
    },
    {
      "name": "TwilioKeyDetector"
    }
  ],
  "filters_used": [
    {
      "path": "detect_secrets.filters.allowlist.is_line_allowlisted"
    },
    {
      "path": "detect_secrets.filters.common.is_ignored_due_to_verification_policies",
      "min_level": 2
    },
    {
      "path": "detect_secrets.filters.heuristic.is_indirect_reference"
    },
    {
      "path": "detect_secrets.filters.heuristic.is_likely_id_string"
    },
    {
      "path": "detect_secrets.filters.heuristic.is_lock_file"
    },
    {
      "path": "detect_secrets.filters.heuristic.is_not_alphanumeric_string"
    },
    {
      "path": "detect_secrets.filters.heuristic.is_potential_uuid"
    },
    {
      "path": "detect_secrets.filters.heuristic.is_prefixed_with_dollar_sign"
    },
    {
      "path": "detect_secrets.filters.heuristic.is_sequential_string"
    },
    {
      "path": "detect_secrets.filters.heuristic.is_swagger_file"
    },
    {
      "path": "detect_secrets.filters.heuristic.is_templated_secret"
    },
    {
      "path": "detect_secrets.filters.regex.should_exclude_file",
      "pattern": [
        "(^|/)(\\.git|\\.pytest_cache|\\.ruff_cache)(/|$)|\\.secrets\\.baseline$|requirements(-dev)?\\.lock$"
      ]
    }
  ],
  "results": {
    ".github/workflows/ci.yml": [
      {
        "type": "Secret Keyword",
        "filename": ".github/workflows/ci.yml",
        "hashed_secret": "45d5b9883254419336c4287c8f75dfbf2bb65cfa",
        "is_verified": false,
        "line_number": 92
      }
    ],
    "scripts/leads-dryrun.py": [
      {
        "type": "Secret Keyword",
        "filename": "scripts/leads-dryrun.py",
        "hashed_secret": "504a3bd1d38b79d8e78a027b1848cd7a58c04481",
        "is_verified": false,
        "line_number": 23
      }
    ],
    "tests/smoke/test_01_core_gallery.py": [
      {
        "type": "Secret Keyword",
        "filename": "tests/smoke/test_01_core_gallery.py",
        "hashed_secret": "76272dc4faf660733711f58c736830d27159fb55",
        "is_verified": false,
        "line_number": 104
      }
    ],
    "tests/test_admin_get_or_404.py": [
      {
        "type": "Secret Keyword",
        "filename": "tests/test_admin_get_or_404.py",
        "hashed_secret": "eb405a2ca739b72d0316d90eaf47d74557a0f390",
        "is_verified": false,
        "line_number": 22
      }
    ],
    "tests/test_admin_home.py": [
      {
        "type": "Secret Keyword",
        "filename": "tests/test_admin_home.py",
        "hashed_secret": "eb405a2ca739b72d0316d90eaf47d74557a0f390",
        "is_verified": false,
        "line_number": 26
      }
    ],
    "tests/test_admin_misc.py": [
      {
        "type": "Secret Keyword",
        "filename": "tests/test_admin_misc.py",
        "hashed_secret": "eb405a2ca739b72d0316d90eaf47d74557a0f390",
        "is_verified": false,
        "line_number": 19
      }
    ],
    "tests/test_admin_pager_partial.py": [
      {
        "type": "Secret Keyword",
        "filename": "tests/test_admin_pager_partial.py",
        "hashed_secret": "eb405a2ca739b72d0316d90eaf47d74557a0f390",
        "is_verified": false,
        "line_number": 33
      }
    ],
    "tests/test_admin_scheduling.py": [
      {
        "type": "Secret Keyword",
        "filename": "tests/test_admin_scheduling.py",
        "hashed_secret": "eb405a2ca739b72d0316d90eaf47d74557a0f390",
        "is_verified": false,
        "line_number": 18
      }
    ],
    "tests/test_basic.py": [
      {
        "type": "Secret Keyword",
        "filename": "tests/test_basic.py",
        "hashed_secret": "76272dc4faf660733711f58c736830d27159fb55",
        "is_verified": false,
        "line_number": 522
      }
    ],
    "tests/test_features.py": [
      {
        "type": "Secret Keyword",
        "filename": "tests/test_features.py",
        "hashed_secret": "524d309532abbd1e40d87fb6eeab0e187afa9764",
        "is_verified": false,
        "line_number": 18
      }
    ],
    "tests/test_pay_integration.py": [
      {
        "type": "Secret Keyword",
        "filename": "tests/test_pay_integration.py",
        "hashed_secret": "9a96da06a7d5819c1ba73b62593e15dbb0ac785e",
        "is_verified": false,
        "line_number": 103
      }
    ],
    "tests/test_pay_to_book.py": [
      {
        "type": "Secret Keyword",
        "filename": "tests/test_pay_to_book.py",
        "hashed_secret": "de82f2a26dc46e2eb959c957b7a16544b5d13393",
        "is_verified": false,
        "line_number": 26
      }
    ],
    "tests/test_public_trust.py": [
      {
        "type": "Basic Auth Credentials",
        "filename": "tests/test_public_trust.py",
        "hashed_secret": "e5e9fa1ba31ecd1ae84f75caaa474f3a663f05f4",
        "is_verified": false,
        "line_number": 72
      }
    ]
  },
  "generated_at": "2026-08-18T13:23:22Z"
}
